
 Ansys Mechanical Enterprise Academic Student      


 *------------------------------------------------------------------*
 |                                                                  |
 |   W E L C O M E   T O   T H E   A N S Y S (R)  P R O G R A M     |
 |                                                                  |
 *------------------------------------------------------------------*




 ***************************************************************
 *         ANSYS MAPDL 2024 R2          LEGAL NOTICES          *
 ***************************************************************
 *                                                             *
 * Copyright 1971-2024 Ansys, Inc.  All rights reserved.       *
 * Unauthorized use, distribution or duplication is            *
 * prohibited.                                                 *
 *                                                             *
 * Ansys is a registered trademark of Ansys, Inc. or its       *
 * subsidiaries in the United States or other countries.       *
 * See the Ansys, Inc. online documentation or the Ansys, Inc. *
 * documentation CD or online help for the complete Legal      *
 * Notice.                                                     *
 *                                                             *
 ***************************************************************
 *                                                             *
 * THIS ANSYS SOFTWARE PRODUCT AND PROGRAM DOCUMENTATION       *
 * INCLUDE TRADE SECRETS AND CONFIDENTIAL AND PROPRIETARY      *
 * PRODUCTS OF ANSYS, INC., ITS SUBSIDIARIES, OR LICENSORS.    *
 * The software products and documentation are furnished by    *
 * Ansys, Inc. or its subsidiaries under a software license    *
 * agreement that contains provisions concerning               *
 * non-disclosure, copying, length and nature of use,          *
 * compliance with exporting laws, warranties, disclaimers,    *
 * limitations of liability, and remedies, and other           *
 * provisions.  The software products and documentation may be *
 * used, disclosed, transferred, or copied only in accordance  *
 * with the terms and conditions of that software license      *
 * agreement.                                                  *
 *                                                             *
 * Ansys, Inc. is a UL registered                              *
 * ISO 9001:2015 company.                                      *
 *                                                             *
 ***************************************************************
 *                                                             *
 * This product is subject to U.S. laws governing export and   *
 * re-export.                                                  *
 *                                                             *
 * For U.S. Government users, except as specifically granted   *
 * by the Ansys, Inc. software license agreement, the use,     *
 * duplication, or disclosure by the United States Government  *
 * is subject to restrictions stated in the Ansys, Inc.        *
 * software license agreement and FAR 12.212 (for non-DOD      *
 * licenses).                                                  *
 *                                                             *
 ***************************************************************

 2024 R2 
     
 Point Releases and Patches installed:   
     
 Ansys Service Pack 2024 R2.14940356 
 Discovery 2024 R2.14940356  
 Core WB Files 2024 R2.14940356  
 Ansys Dynamic Reporting 2024 R2.14940356
 SpaceClaim 2024 R2.14940356 
 CFX (includes CFD-Post) 2024 R2.14940356
 Chemkin 2024 R2.14940356
 EnSight 2024 R2.14940356
 FENSAP-ICE 2024 R2.14940356 
 Fluent (includes CFD-Post) 2024 R2.14940356 
 Polyflow (includes CFD-Post) 2024 R2.14940356   
 Forte (includes EnSight) 2024 R2.14940356   
 TurboGrid 2024 R2.14940356  
 ACIS Geometry Interface 2024 R2.14940356
 AutoCAD Geometry Interface 2024 R2.14940356 
 Catia, Version 4 Geometry Interface 2024 R2.14940356
 Catia, Version 5 Geometry Interface 2024 R2.14940356
 Catia, Version 6 Geometry Interface 2024 R2.14940356
 Creo Elements/Direct Modeling Geometry Interface 2024 R2.14940356   
 Creo Parametric Geometry Interface 2024 R2.14940356 
 Inventor Geometry Interface 2024 R2.14940356
 JTOpen Geometry Interface 2024 R2.14940356  
 NX Geometry Interface 2024 R2.14940356  
 Parasolid Geometry Interface  2024 R2.14940356  
 Solid Edge Geometry Interface 2024 R2.14940356  
 SOLIDWORKS Geometry Interface 2024 R2.14940356  
 Speos 2024 R2.14940356  
 Aqwa 2024 R2.14940356   
 Autodyn 2024 R2.14940356
 Material Calibration App 2024 R2.14940356   
 Customization Files for User Programmable Features 2024 R2.14940356 
 Mechanical Products 2024 R2.14940356
 Motion 2024 R2.14940356 
 Academic Student 2024 R2.14940356   


          *****  MAPDL COMMAND LINE ARGUMENTS  *****
  BATCH MODE REQUESTED (-b)    = NOLIST
  INPUT FILE COPY MODE (-c)    = COPY
  DISTRIBUTED MEMORY PARALLEL REQUESTED
       4 PARALLEL PROCESSES REQUESTED WITH SINGLE THREAD PER PROCESS
    TOTAL OF     4 CORES REQUESTED
  INPUT FILE NAME              = C:\Users\deepa\AppData\Local\Temp\WB_deepa_12480_2\_ProjectScratch\Scr5C81\dummy.dat
  OUTPUT FILE NAME             = C:\Users\deepa\AppData\Local\Temp\WB_deepa_12480_2\_ProjectScratch\Scr5C81\solve.out
  START-UP FILE MODE           = NOREAD
  STOP FILE MODE               = NOREAD

 RELEASE= 2024 R2              BUILD= 24.2      UP20240513   VERSION=WINDOWS x64 
 CURRENT JOBNAME=file0  16:04:03  OCT 29, 2024 CP=      0.031


 PARAMETER _DS_PROGRESS =     999.0000000    

 /INPUT FILE= ds.dat  LINE=       0



 *** NOTE ***                            CP =       0.297   TIME= 16:04:03
 The /CONFIG,NOELDB command is not valid in a distributed memory         
 parallel solution.  Command is ignored.                                 

 *GET  _WALLSTRT  FROM  ACTI  ITEM=TIME WALL  VALUE=  16.0675000    

 TITLE= 
 wbnew--Steady-State Thermal (A5)                                              

  ACT Extensions:
      LSDYNA, 2024.2
      5f463412-bd3e-484b-87e7-cbc0a665e474, wbex
 /COM,     ANSYSMotion, 2024.2
      20180725-3f81-49eb-9f31-41364844c769, wbex
  

 SET PARAMETER DIMENSIONS ON  _WB_PROJECTSCRATCH_DIR
  TYPE=STRI  DIMENSIONS=      248        1        1

 PARAMETER _WB_PROJECTSCRATCH_DIR(1) = C:\Users\deepa\AppData\Local\Temp\WB_deepa_12480_2\_ProjectScratch\Scr5C81\

 SET PARAMETER DIMENSIONS ON  _WB_SOLVERFILES_DIR
  TYPE=STRI  DIMENSIONS=      248        1        1

 PARAMETER _WB_SOLVERFILES_DIR(1) = C:\Users\deepa\AppData\Local\Temp\WB_deepa_12480_2\wbnew_files\dp0\SYS\MECH\

 SET PARAMETER DIMENSIONS ON  _WB_USERFILES_DIR
  TYPE=STRI  DIMENSIONS=      248        1        1

 PARAMETER _WB_USERFILES_DIR(1) = C:\Users\deepa\AppData\Local\Temp\WB_deepa_12480_2\wbnew_files\user_files\
 --- Data in consistent NMM units. See Solving Units in the help system for more

 MPA UNITS SPECIFIED FOR INTERNAL    
  LENGTH      = MILLIMETERS (mm)
  MASS        = TONNE (Mg)
  TIME        = SECONDS (sec)
  TEMPERATURE = CELSIUS (C)
  TOFFSET     = 273.0
  FORCE       = NEWTON (N)
  HEAT        = MILLIJOULES (mJ)

 INPUT  UNITS ARE ALSO SET TO MPA 

 *** MAPDL - ENGINEERING ANALYSIS SYSTEM  RELEASE 2024 R2          24.2     ***
 Ansys Mechanical Enterprise Academic Student      
 01055371  VERSION=WINDOWS x64   16:04:03  OCT 29, 2024 CP=      0.312

 wbnew--Steady-State Thermal (A5)                                              



          ***** MAPDL ANALYSIS DEFINITION (PREP7) *****
 *********** Nodes for the whole assembly ***********
 *********** Elements for Body 1 'Default\Solid' ***********
 *********** Send User Defined Coordinate System(s) ***********
 *********** Send Materials ***********
 *********** Define Temperature Constraint ***********
 *********** Create "Convection" ***********
 *********** Create "ToAmbient" Radiation ***********
 ***************** Define Uniform Initial temperature ***************


 ***** ROUTINE COMPLETED *****  CP =         0.469


 --- Number of total nodes = 5716
 --- Number of contact elements = 1130
 --- Number of spring elements = 0
 --- Number of bearing elements = 0
 --- Number of solid elements = 2808
 --- Number of condensed parts = 0
 --- Number of total elements = 3938

 *GET  _WALLBSOL  FROM  ACTI  ITEM=TIME WALL  VALUE=  16.0675000    
 ****************************************************************************
 *************************    SOLUTION       ********************************
 ****************************************************************************

 *****  MAPDL SOLUTION ROUTINE  *****


 PERFORM A STATIC ANALYSIS
  THIS WILL BE A NEW ANALYSIS

 CONTACT INFORMATION PRINTOUT LEVEL       1

 CHECK INITIAL OPEN/CLOSED STATUS OF SELECTED CONTACT ELEMENTS
      AND LIST DETAILED CONTACT PAIR INFORMATION

 SPLIT CONTACT SURFACES AT SOLVE PHASE

    NUMBER OF SPLITTING TBD BY PROGRAM

 DO NOT SAVE ANY RESTART FILES AT ALL

 DO NOT COMBINE ELEMENT MATRIX FILES (.emat) AFTER DISTRIBUTED PARALLEL SOLUTION

 DO NOT COMBINE ELEMENT SAVE DATA FILES (.esav) AFTER DISTRIBUTED PARALLEL SOLUTION
 ****************************************************
 ******************* SOLVE FOR LS 1 OF 1 ****************

 SPECIFIED CONSTRAINT TEMP FOR PICKED NODES 
 REAL=  85.0000000       IMAG=  0.00000000    

 SELECT       FOR ITEM=TYPE COMPONENT=    
  IN RANGE         2 TO          2 STEP          1

        798  ELEMENTS (OF       3938  DEFINED) SELECTED BY  ESEL  COMMAND.

 SELECT      ALL NODES HAVING ANY ELEMENT IN ELEMENT SET.

       1647 NODES (OF       5716  DEFINED) SELECTED FROM
      798 SELECTED ELEMENTS BY NSLE COMMAND.

 GENERATE SURFACE LOAD CONV ON SURFACE DEFINED BY ALL SELECTED NODES
 VALUES=  25000.0000      22.0000000    

 NUMBER OF CONV ELEMENT FACE LOADS STORED =        798

 ALL SELECT   FOR ITEM=NODE COMPONENT=    
  IN RANGE         1 TO       5716 STEP          1

       5716  NODES (OF       5716  DEFINED) SELECTED BY NSEL  COMMAND.

 ALL SELECT   FOR ITEM=ELEM COMPONENT=    
  IN RANGE         1 TO       5860 STEP          1

       3938  ELEMENTS (OF       3938  DEFINED) SELECTED BY  ESEL  COMMAND.

 SPECIFIED CONSTRAINT TEMP FOR PICKED NODES 
 REAL=  23.0000000       IMAG=  0.00000000    

 PRINTOUT RESUMED BY /GOP

 USE AUTOMATIC TIME STEPPING THIS LOAD STEP

 USE       1 SUBSTEPS INITIALLY THIS LOAD STEP FOR ALL  DEGREES OF FREEDOM
 FOR AUTOMATIC TIME STEPPING:
   USE     10 SUBSTEPS AS A MAXIMUM
   USE      1 SUBSTEPS AS A MINIMUM

 TIME=  1.0000    

 ERASE THE CURRENT DATABASE OUTPUT CONTROL TABLE.


 WRITE ALL  ITEMS TO THE DATABASE WITH A FREQUENCY OF NONE
   FOR ALL APPLICABLE ENTITIES

 WRITE NSOL ITEMS TO THE DATABASE WITH A FREQUENCY OF ALL 
   FOR ALL APPLICABLE ENTITIES

 WRITE RSOL ITEMS TO THE DATABASE WITH A FREQUENCY OF ALL 
   FOR ALL APPLICABLE ENTITIES

 WRITE EANG ITEMS TO THE DATABASE WITH A FREQUENCY OF ALL 
   FOR ALL APPLICABLE ENTITIES

 WRITE VENG ITEMS TO THE DATABASE WITH A FREQUENCY OF ALL 
   FOR ALL APPLICABLE ENTITIES

 WRITE FFLU ITEMS TO THE DATABASE WITH A FREQUENCY OF ALL 
   FOR ALL APPLICABLE ENTITIES

 WRITE CONT ITEMS TO THE DATABASE WITH A FREQUENCY OF ALL 
   FOR ALL APPLICABLE ENTITIES

 PRINTOUT RESUMED BY /GOP

 WRITE MISC ITEMS TO THE DATABASE WITH A FREQUENCY OF ALL 
   FOR THE ENTITIES DEFINED BY COMPONENT _ELMISC 

 CONVERGENCE ON HEAT BASED ON THE NORM OF THE N-R LOAD
   WITH A TOLERANCE OF 0.1000E-02 AND A MINIMUM REFERENCE VALUE OF 0.1000E-02
   USING THE L2 NORM (CHECK THE SRSS VALUE)

 *GET  ANSINTER_  FROM  ACTI  ITEM=INT        VALUE=  0.00000000    

 *IF  ANSINTER_  ( =   0.00000     )  NE  
      0  ( =   0.00000     )  THEN    

 *ENDIF

 *** NOTE ***                            CP =       0.734   TIME= 16:04:03
 The automatic domain decomposition logic has selected the MESH domain   
 decomposition method with 4 processes per solution.                     

 *****  MAPDL SOLVE    COMMAND  *****

 *** WARNING ***                         CP =       0.859   TIME= 16:04:03
 Element shape checking is currently inactive.  Issue SHPP,ON or         
 SHPP,WARN to reactivate, if desired.                                    

 *** NOTE ***                            CP =       0.891   TIME= 16:04:03
 The model data was checked and warning messages were found.             
  Please review output or errors file (                                  
 C:\Users\deepa\AppData\Local\Temp\WB_deepa_12480_2\_ProjectScratch\Scr5 
 5C81\file0.err ) for these warning messages.                            

 *** MAPDL - ENGINEERING ANALYSIS SYSTEM  RELEASE 2024 R2          24.2     ***
 Ansys Mechanical Enterprise Academic Student      
 01055371  VERSION=WINDOWS x64   16:04:03  OCT 29, 2024 CP=      0.891

 wbnew--Steady-State Thermal (A5)                                              



                       S O L U T I O N   O P T I O N S

   PROBLEM DIMENSIONALITY. . . . . . . . . . . . .3-D                  
   DEGREES OF FREEDOM. . . . . . TEMP
   ANALYSIS TYPE . . . . . . . . . . . . . . . . .STATIC (STEADY-STATE)
   OFFSET TEMPERATURE FROM ABSOLUTE ZERO . . . . .  273.15    
   NEWTON-RAPHSON OPTION . . . . . . . . . . . . .PROGRAM CHOSEN   
   GLOBALLY ASSEMBLED MATRIX . . . . . . . . . . .SYMMETRIC  

 *** NOTE ***                            CP =       0.922   TIME= 16:04:03
 This nonlinear analysis defaults to using the full Newton-Raphson       
 solution procedure.  This can be modified using the NROPT command.      

 *** NOTE ***                            CP =       0.922   TIME= 16:04:03
 The conditions for direct assembly have been met.  No .emat or .erot    
 files will be produced.                                                 

  
  
     D I S T R I B U T E D   D O M A I N   D E C O M P O S E R
  
  ...Number of elements: 3938
  ...Number of nodes:    5716
  ...Decompose to 4 CPU domains
  ...Element load balance ratio =     1.073


                      L O A D   S T E P   O P T I O N S

   LOAD STEP NUMBER. . . . . . . . . . . . . . . .     1
   TIME AT END OF THE LOAD STEP. . . . . . . . . .  1.0000    
   AUTOMATIC TIME STEPPING . . . . . . . . . . . .    ON
      INITIAL NUMBER OF SUBSTEPS . . . . . . . . .     1
      MAXIMUM NUMBER OF SUBSTEPS . . . . . . . . .    10
      MINIMUM NUMBER OF SUBSTEPS . . . . . . . . .     1
   MAXIMUM NUMBER OF EQUILIBRIUM ITERATIONS. . . .    15
   STEP CHANGE BOUNDARY CONDITIONS . . . . . . . .    NO
   TERMINATE ANALYSIS IF NOT CONVERGED . . . . . .YES (EXIT)  
   CONVERGENCE CONTROLS
      LABEL   REFERENCE    TOLERANCE  NORM     MINREF
       HEAT    0.000       0.1000E-02   2     0.1000E-02
   PRINT OUTPUT CONTROLS . . . . . . . . . . . . .NO PRINTOUT
   DATABASE OUTPUT CONTROLS
      ITEM     FREQUENCY   COMPONENT
       ALL       NONE               
      NSOL        ALL               
      RSOL        ALL               
      EANG        ALL               
      VENG        ALL               
      FFLU        ALL               
      CONT        ALL               
      MISC        ALL       _ELMISC 


 SOLUTION MONITORING INFO IS WRITTEN TO FILE= file.mntr                                                                                                                                                                                                                                                           




            **** CENTER OF MASS, MASS, AND MASS MOMENTS OF INERTIA ****

  CALCULATIONS ASSUME ELEMENT MASS AT ELEMENT CENTROID

  TOTAL MASS =  0.58267E-04

                           MOM. OF INERTIA         MOM. OF INERTIA
  CENTER OF MASS            ABOUT ORIGIN        ABOUT CENTER OF MASS

  XC =   3.8154          IXX =   0.1534          IXX =   0.6373E-01
  YC =   39.231          IYY =   0.7424E-01      IYY =   0.7339E-01
  ZC = -0.49413E-01      IZZ =   0.1662          IZZ =   0.7564E-01
                         IXY =  -0.1026E-01      IXY =  -0.1539E-02
                         IYZ =   0.2357E-03      IYZ =   0.1227E-03
                         IZX =  -0.8001E-05      IZX =  -0.1899E-04


  *** MASS SUMMARY BY ELEMENT TYPE ***

  TYPE      MASS
     1  0.582674E-04

 Range of element maximum matrix coefficients in global coordinates
 Maximum = 356026.578 at element 5458.                                   
 Minimum = 8.004466203E-03 at element 5570.                              

   *** ELEMENT MATRIX FORMULATION TIMES
     TYPE    NUMBER   ENAME      TOTAL CP  AVE CP

        1      2808  SOLID291      0.047   0.000017
        2       798  SURF152       0.047   0.000059
        3       332  SURF152       0.016   0.000047
 Time at end of element matrix formulation CP = 1.5.                     
     HT FLOW CONVERGENCE VALUE=   8407.      CRITERION=  0.3247E+06

 DISTRIBUTED SPARSE MATRIX DIRECT SOLVER.
  Number of equations =        4140,    Maximum wavefront =     84


  Memory allocated on only this MPI rank (rank     0)
  -------------------------------------------------------------------
  Equation solver memory allocated                     =     1.609 MB
  Equation solver memory required for in-core mode     =     1.551 MB
  Equation solver memory required for out-of-core mode =     1.225 MB
  Total (solver and non-solver) memory allocated       =   394.078 MB


  Total memory summed across all MPI ranks on this machines
  -------------------------------------------------------------------
  Equation solver memory allocated                     =     5.943 MB
  Equation solver memory required for in-core mode     =     5.720 MB
  Equation solver memory required for out-of-core mode =     4.455 MB
  Total (solver and non-solver) memory allocated       =   729.631 MB

 *** NOTE ***                            CP =       1.500   TIME= 16:04:04
 The Distributed Sparse Matrix Solver is currently running in the        
 in-core memory mode.  This memory mode uses the most amount of memory   
 in order to avoid using the hard drive as much as possible, which most  
 often results in the fastest solution time.  This mode is recommended   
 if enough physical memory is present to accommodate all of the solver   
 data.                                                                   
 Distributed sparse solver maximum pivot= 686403.917 at node 4360 TEMP.  
 Distributed sparse solver minimum pivot= -34791.7654 at node 955 TEMP.  
 Distributed sparse solver minimum pivot in absolute value= 0.413851766  
 at node 155 TEMP.                                                       
    EQUIL ITER   1 COMPLETED.  NEW TRIANG MATRIX.  MAX DOF INC=   63.00    
     HT FLOW CONVERGENCE VALUE=   2.903      CRITERION=  0.3247E+06 <<< CONVERGED
    >>> SOLUTION CONVERGED AFTER EQUILIBRIUM ITERATION   1

   *** ELEMENT RESULT CALCULATION TIMES
     TYPE    NUMBER   ENAME      TOTAL CP  AVE CP

        1      2808  SOLID291      0.000   0.000000
        2       798  SURF152       0.016   0.000020
        3       332  SURF152       0.000   0.000000

   *** NODAL LOAD CALCULATION TIMES
     TYPE    NUMBER   ENAME      TOTAL CP  AVE CP

        1      2808  SOLID291      0.047   0.000017
        2       798  SURF152       0.000   0.000000
        3       332  SURF152       0.000   0.000000
 *** LOAD STEP     1   SUBSTEP     1  COMPLETED.    CUM ITER =      1
 *** TIME =   1.00000         TIME INC =   1.00000    


 *** MAPDL BINARY FILE STATISTICS
  BUFFER SIZE USED= 16384
        0.125 MB WRITTEN ON ELEMENT SAVED DATA FILE: file0.esav
        0.375 MB WRITTEN ON ASSEMBLED MATRIX FILE: file0.full
        0.750 MB WRITTEN ON RESULTS FILE: file0.rth
 *************** Write FE CONNECTORS *********

 WRITE OUT CONSTRAINT EQUATIONS TO FILE= file.ce                                                                                                                                                                                                                                                             
 ****************************************************
 *************** FINISHED SOLVE FOR LS 1 *************

 *GET  _WALLASOL  FROM  ACTI  ITEM=TIME WALL  VALUE=  16.0677778    

 FINISH SOLUTION PROCESSING


 ***** ROUTINE COMPLETED *****  CP =         1.578



 *** MAPDL - ENGINEERING ANALYSIS SYSTEM  RELEASE 2024 R2          24.2     ***
 Ansys Mechanical Enterprise Academic Student      
 01055371  VERSION=WINDOWS x64   16:04:04  OCT 29, 2024 CP=      1.578

 wbnew--Steady-State Thermal (A5)                                              



          ***** MAPDL RESULTS INTERPRETATION (POST1) *****

 *** NOTE ***                            CP =       1.578   TIME= 16:04:04
 Reading results into the database (SET command) will update the current 
 displacement and force boundary conditions in the database with the     
 values from the results file for that load set.  Note that any          
 subsequent solutions will use these values unless action is taken to    
 either SAVE the current values or not overwrite them (/EXIT,NOSAVE).    

 Set Encoding of XML File to:ISO-8859-1

 Set Output of XML File to:
     PARM,     ,     ,     ,     ,     ,     ,     ,     ,     ,     ,     ,
         ,     ,     ,     ,     ,     ,     ,

 DATABASE WRITTEN ON FILE  parm.xml                                                                                                                                                                                                                                                            

 EXIT THE MAPDL POST1 DATABASE PROCESSOR


 ***** ROUTINE COMPLETED *****  CP =         1.578



 PRINTOUT RESUMED BY /GOP

 *GET  _WALLDONE  FROM  ACTI  ITEM=TIME WALL  VALUE=  16.0677778    

 PARAMETER _PREPTIME =     0.000000000    

 PARAMETER _SOLVTIME =     1.000000000    

 PARAMETER _POSTTIME =     0.000000000    

 PARAMETER _TOTALTIM =     1.000000000    

 *GET  _DLBRATIO  FROM  ACTI  ITEM=SOLU DLBR  VALUE=  1.07317073    

 *GET  _COMBTIME  FROM  ACTI  ITEM=SOLU COMB  VALUE= 0.196073000E-01

 *GET  _SSMODE   FROM  ACTI  ITEM=SOLU SSMM  VALUE=  2.00000000    

 *GET  _NDOFS    FROM  ACTI  ITEM=SOLU NDOF  VALUE=  4140.00000    

 /FCLEAN COMMAND REMOVING ALL LOCAL FILES
 --- Total number of nodes = 5716
 --- Total number of elements = 3938
 --- Element load balance ratio = 1.07317073
 --- Time to combine distributed files = 1.96073E-02
 --- Sparse memory mode = 2
 --- Number of DOF = 4140

 EXIT MAPDL WITHOUT SAVING DATABASE


 NUMBER OF WARNING MESSAGES ENCOUNTERED=          1
 NUMBER OF ERROR   MESSAGES ENCOUNTERED=          0

+--------------------- M A P D L   S T A T I S T I C S ------------------------+

Release: 2024 R2            Build: 24.2       Update: UP20240513   Platform: WINDOWS x64 
Date Run: 10/29/2024   Time: 16:04     Process ID: 2240
Operating System: Windows 11  (Build: 22631)

Processor Model: AMD Ryzen 5 5500U with Radeon Graphics

Compiler: Intel(R) Fortran Compiler Classic Version 2021.9  (Build: 20230302)
          Intel(R) C/C++ Compiler Classic Version 2021.9  (Build: 20230302)
          AOCL-BLAS 4.2.1 Build 20240304

Number of machines requested            :    1
Total number of cores available         :   12
Number of physical cores available      :    6
Number of processes requested           :    4
Number of threads per process requested :    1
Total number of cores requested         :    4 (Distributed Memory Parallel)               
MPI Type: INTELMPI
MPI Version: Intel(R) MPI Library 2021.11 for Windows* OS


GPU Acceleration: Not Requested

Job Name: file0
Input File: dummy.dat

  Core                Machine Name   Working Directory
 -----------------------------------------------------
     0                         MSI   C:\Users\deepa\AppData\Local\Temp\WB_deepa_12480_2\_ProjectScratch\Scr5C81
     1                         MSI   C:\Users\deepa\AppData\Local\Temp\WB_deepa_12480_2\_ProjectScratch\Scr5C81
     2                         MSI   C:\Users\deepa\AppData\Local\Temp\WB_deepa_12480_2\_ProjectScratch\Scr5C81
     3                         MSI   C:\Users\deepa\AppData\Local\Temp\WB_deepa_12480_2\_ProjectScratch\Scr5C81
 
Latency time from master to core     1 =    2.049 microseconds
Latency time from master to core     2 =    1.969 microseconds
Latency time from master to core     3 =    1.930 microseconds
 
Communication speed from master to core     1 =  2071.21 MB/sec
Communication speed from master to core     2 =  2376.65 MB/sec
Communication speed from master to core     3 =  2207.73 MB/sec

Total CPU time for main thread                    :        0.6 seconds
Total CPU time summed for all threads             :        2.1 seconds

Elapsed time spent obtaining a license            :        0.5 seconds
Elapsed time spent pre-processing model (/PREP7)  :        0.1 seconds
Elapsed time spent solution - preprocessing       :        0.1 seconds
Elapsed time spent computing solution             :        0.4 seconds
Elapsed time spent solution - postprocessing      :        0.0 seconds
Elapsed time spent post-processing model (/POST1) :        0.0 seconds
 
Equation solver used                              :            Sparse (symmetric)
Equation solver computational rate                :        1.3 Gflops

Sum of disk space used on all processes           :        5.2 MB

Sum of memory used on all processes               :      205.0 MB
Sum of memory allocated on all processes          :     2880.0 MB
Physical memory available                         :          7 GB
Total amount of I/O written to disk               :        0.0 GB
Total amount of I/O read from disk                :        0.0 GB

+------------------ E N D   M A P D L   S T A T I S T I C S -------------------+


 *-----------------------------------------------------------------------------*
 |                                                                             |
 |                               RUN COMPLETED                                 |
 |                                                                             |
 |-----------------------------------------------------------------------------|
 |                                                                             |
 |  Ansys MAPDL 2024 R2         Build 24.2         UP20240513    WINDOWS x64   |
 |                                                                             |
 |-----------------------------------------------------------------------------|
 |                                                                             |
 |  Database Requested(-db)     1024 MB     Scratch Memory Requested   1024 MB |
 |  Max Database Used(Master)      5 MB     Max Scratch Used(Master)     51 MB |
 |  Max Database Used(Workers)     1 MB     Max Scratch Used(Workers)    49 MB |
 |  Sum Database Used(All)         8 MB     Sum Scratch Used(All)       197 MB |
 |                                                                             |
 |-----------------------------------------------------------------------------|
 |                                                                             |
 |        CP Time      (sec) =          2.062       Time  =  16:04:04          |
 |        Elapsed Time (sec) =          9.000       Date  =  10/29/2024        |
 |                                                                             |
 *-----------------------------------------------------------------------------*
