Log started at 02.05.2025	10:58:43
Number of used processors (NPROC): 12.
Number of mesh partitions (NPART): 12.
Total Physical Memory = 7.37 Gb, Available Physical Memory = 1.33 Gb
Computer name:	MSI
Operating system:	Windows 11 (or higher) (Version 10.0.26100)

Commandline:	"C:\Program Files\SOLIDWORKS Corp\SOLIDWORKS Flow Simulation\BINCFW\efdsolver.exe" /config:"D:\Mobile\Pdf\3D Model\210180104009_Bhaskar-Bhatt\SolodWorks Files\Nozzle\2\2.xmlconfig" /guid:0dfcb2d3-28df-4cee-a6c2-e0f7b2687b3f /processors:max /m /s /prjnamelm:"Flow Simulation 2024" /prjnamehabout:"Flow Simulation 2024" /companyname:"COSMOS Applications" /prjaliasid:1002 /lang:English /port:64399

SOLIDWORKS 2024 SP1.0
Flow Simulation 2024  x64 / 6234

Project: D:\Mobile\Pdf\3D Model\210180104009_Bhaskar-Bhatt\SolodWorks Files\Nozzle\2\2.xmlconfig
Configuration name: Default
Project name: Nozzle
Problem type: internal-type
Exclude cavities without flow conditions: ON
NGK: OFF
MBO: OFF
-----------------------------------------------------------------------
Mesher option run = eRunMesherNormal
-----------------------------------------------------------------------

Mesh generation started:	2.5.2025	10:58:43
-----------------------------------------------------------------------
Memory Working Set Current = 16.92 Mb, Memory Working Set Peak = 16.92 Mb
Memory Private Bytes Current = 16.61 Mb, Memory Private Bytes Peak = 16.61 Mb
Process Threads Number: 7
-----------------------------------------------------------------------
Mesher adjust APD = OFF; AdjustAPD_method=0; N_per_Channel = 0; N2_per_Channel = 0
Current CPU = 0 sec
-----------------------------------------------------------------------
Geometries initialization:
-----------------------------------------------------------------------
Loading mesh settings (global/local)...
-----------------------------------------------------------------------
Number of geometries from DB: 1
Geometry(0):
	Guid = {00000000-0000-0000-0000-000000000000}
	Fluid..
	2 Bodies.
	1 Real body.
	-- Bodyset 0 --
		Tolerance=3.44846e-06.
		12 Face(s).
			12 of b-spline type.
		0 Face(s) that have no ref faces
		8 Plane surface(s).
		2 Cylinder surface(s).
		1 Sphere surface(s).
		1 B- surface(s).
		30188 Triangle(s).
		Getting triangle connectivities from DB: 0.003 s
		16 Edge(s).
			16 of b-spline type.
		BodyGeom reading: 0.022 s.
		6 Reference Face(s).
		30176 Reference Triangles.
		Getting triangle connectivities from DB (Ref): 0.003 s
		BodyGeom Ref reading: 0.006 s.
Geometry(1):
	Solid.
	-- Bodyset 1 --
	Empty
-----------------------------------------------------------------------
Number of geometries in task: 2
	G : 0	Type: Fluid	Bodies: 1		Faces: 12		Edges: 16		Triangles: 30188
	G : 1	Type: Solid	Bodies: 0		Faces: 0		Edges: 0		Triangles: 0
Number of bodysets in task: 2

Bodies:     1
Faces:      12
Edges:      16
Triangles:  30188
-----------------------------------------------------------------------
BodySet (0):
	Making hash and connectivity for Bodyset ...
		CBodyGeom:
		Hash size: {54, 20, 40}.
		Mesh size: {54, 20, 20}.
		Hashing triangles...Ok.
			axis(0) tr sizes: average=66 max=884
			axis(1) tr sizes: average=36 max=740
			axis(2) tr sizes: average=63 max=1174
		Number of t-connected sets:3 (cavity=1)
		CBodyGeomRef:
		Hashing triangles...Ok.
			axis(0) tr sizes: average=135 max=869
			axis(1) tr sizes: average=80 max=946
			axis(2) tr sizes: average=80 max=1068
	0.0349 s.
Geometries reading and preparing has taken 0.080 s.
-----------------------------------------------------------------------
Mapped triangles:
Hashing rough geometry(bodies) triangulation:
BodySet (0):
	Triangles num=30188
	Triangles box={0.000114854 ,0.0298851 ,-0.00571565 ,0.00544803 ,-0.00540938 ,0.00571557}
		3d-hash size is 381924 bytes
BodySet (1):
no log info (empty stream)

Hashing peculiar surfaces triangles:
Surface triangles (0):
	Triangles num=113
	Triangles box={0.000174216 ,0.000174216 ,-0.00514045 ,0.00513985 ,-0.00514135 ,0.00514142}
		3d-hash size is 94356 bytes
Surface triangles (1):
	Triangles num=79
	Triangles box={0.0298258 ,0.0298258 ,-0.00257045 ,0.00256918 ,-0.00257071 ,0.00256966}
		3d-hash size is 89560 bytes

Mapped triangles processed in 0.031 s.
-----------------------------------------------------------------------
-----------------------------------------------------------------------
Getting sectors:
Number of sectors: 0
-----------------------------------------------------------------------
Current CPU = 0 sec
-----------------------------------------------------------------------
Memory Working Set Current = 42.47 Mb, Memory Working Set Peak = 47.87 Mb
Memory Private Bytes Current = 40.52 Mb, Memory Private Bytes Peak = 46.33 Mb
Process Threads Number: 18
-----------------------------------------------------------------------
-----------------------------------------------------------------------
Checking faces on CD...
FCD = [0 0 0 0 0 0]
FCD_conflicts = 0
Time (check faces on CD)=0.001 s
-----------------------------------------------------------------------

-----------------------------------------------------------------------
Mesh dimensions:
				I[0 ]=54
				I[1 ]=20
				I[2 ]=20

Comp. domain size:
				a[0  ]=0.000144565
				a[1  ]=0.0298554
				a[2  ]=-0.00570451
				a[3  ]=0.00543689
				a[4  ]=-0.00539828
				a[5  ]=0.00570447

Fluid calculated			1
Solid calculated			0
-----------------------------------------------------------------------
MESH Build started...
-----------------------------------------------------------------------
Mesh LEVEL = 1
-----------------------------------------------------------------------
-----------------------------------------------------------------------
CPT-mode xeps:
	D / dh / eps [axis=0] = (0.0297109, 0.000275014, 2.75014e-07)
	D / dh / eps [axis=1] = (0.0111414, 0.000278459, 2.78459e-07)
	D / dh / eps [axis=2] = (0.0111027, 0.000277505, 2.77505e-07)
-----------------------------------------------------------------------
Initial allocation and brick-body-box intersection...OK (0.001 s)
Initial triangle brick intersection...OK (0.001 s)
Setting regions (21600 / 21600)...OK (0.000 s)
-----------------------------------------------------------------------
Base mesh info:
	3D task
	Nx=54
	Ny=20
	Nz=20
	N(Nx*Ny*Nz) = 1080
	Period    axis=[0, 0, 0]
	Symmetry  ni=[0 0 0 0 0 0]
	ZoomingBC ni=[0 0 0 0 0 0]
	Nx=54
		x[0]=0.000144565
		x[1]=0.000694939
		x[2]=0.00124514
		x[3]=0.00179534
		x[4]=0.00234554
		x[5]=0.00289574
		x[6]=0.00344595
		x[7]=0.00399615
		x[8]=0.00454635
		x[9]=0.00509655
		x[10]=0.00564675
		x[11]=0.00619695
		x[12]=0.00674715
		x[13]=0.00729735
		x[14]=0.00784756
		x[15]=0.00839776
		x[16]=0.00894796
		x[17]=0.00949816
		x[18]=0.0100484
		x[19]=0.0105986
		x[20]=0.0111488
		x[21]=0.011699
		x[22]=0.0122492
		x[23]=0.0127994
		x[24]=0.0133496
		x[25]=0.0138998
		x[26]=0.01445
		x[27]=0.0150002
		x[28]=0.0155504
		x[29]=0.0161006
		x[30]=0.0166508
		x[31]=0.017201
		x[32]=0.0177512
		x[33]=0.0183014
		x[34]=0.0188516
		x[35]=0.0194018
		x[36]=0.019952
		x[37]=0.0205022
		x[38]=0.0210524
		x[39]=0.0216026
		x[40]=0.0221528
		x[41]=0.022703
		x[42]=0.0232532
		x[43]=0.0238034
		x[44]=0.0243536
		x[45]=0.0249038
		x[46]=0.025454
		x[47]=0.0260042
		x[48]=0.0265544
		x[49]=0.0271046
		x[50]=0.0276548
		x[51]=0.028205
		x[52]=0.0287552
		x[53]=0.0293054
		x[54]=0.0298554
	Ny=20
		y[0]=-0.00570451
		y[1]=-0.00514729
		y[2]=-0.00459022
		y[3]=-0.00403315
		y[4]=-0.00347608
		y[5]=-0.00291901
		y[6]=-0.00236194
		y[7]=-0.00180487
		y[8]=-0.0012478
		y[9]=-0.000690727
		y[10]=-0.000133657
		y[11]=0.000423413
		y[12]=0.000980483
		y[13]=0.00153755
		y[14]=0.00209462
		y[15]=0.00265169
		y[16]=0.00320876
		y[17]=0.00376583
		y[18]=0.0043229
		y[19]=0.00487997
		y[20]=0.00543689
	Nz=20
		z[0]=-0.00539828
		z[1]=-0.00484301
		z[2]=-0.00428787
		z[3]=-0.00373274
		z[4]=-0.0031776
		z[5]=-0.00262246
		z[6]=-0.00206732
		z[7]=-0.00151219
		z[8]=-0.000957049
		z[9]=-0.000401912
		z[10]=0.000153225
		z[11]=0.000708363
		z[12]=0.0012635
		z[13]=0.00181864
		z[14]=0.00237377
		z[15]=0.00292891
		z[16]=0.00348405
		z[17]=0.00403919
		z[18]=0.00459432
		z[19]=0.00514946
		z[20]=0.00570447
-----------------------------------------------------------------------
Input_mesh_settings--------------------------------
Settings 0----------------
	Scope: GLOBAL
	Type:	------MESHER_SETTINGS----------
	RefAllCells           =0
	RefFluidCells         =0
	RefPartCells          =0
	RefSolidCells         =0
	l_SSFR(Capture crit)  =1
	l_curv(Curvature crit)=0
	l_tol(Tolerance crit) =0
	UseChannelRef         =1
	  NCR_method          =0
	  l_NCR               =1
	  N_gap               =14
	  Use d_NCR_min       =0
	  Use d_NCR_max       =0
	CloseThinSlotsHeight         =0
	--END_OF_MESHER_SETTINGS-------
End of input mesh settings-------------------------
-----------------------------------------------------------------------
Memory Working Set Current = 47.19 Mb, Memory Working Set Peak = 47.87 Mb
Memory Private Bytes Current = 45.50 Mb, Memory Private Bytes Peak = 46.33 Mb
Process Threads Number: 18
-----------------------------------------------------------------------
MMP (msh): locals=12, allc_sz=2.72 MB, used_sz=2.47 MB, blks-min-max=2/7
MMP (brx): locals=12, allc_sz=2.96 MB, used_sz=2.64 MB, blks-min-max=6/9
MMP (bcf): locals=0, allc_sz=0.00 MB, used_sz=0.00 MB, blks-min-max=0/0
MMP (xsl): locals=0, allc_sz=0.00 MB, used_sz=0.00 MB, blks-min-max=0/0
NxNyNz = [54, 20, 20]
base_dx=0.000554136; 
NxNyNz_reverse = [54, 20, 20]

-----------------------------------------------------------------------
Refining geometries:
-----------------------------------------------------------------------

-----------------------------------------------------------------------
Refining by triangulation...
Refinement input: 21600 bricks
	Checking crit (21600 / 21600)...0 marked (0.016 s)
Refinement result (0 iterations): 21600 bricks (0.017 s)
Refinement input: 21600 bricks
	Checking crit (21600 / 21600)...0 marked (0.001 s)
Refinement result (0 iterations): 21600 bricks (0.001 s)
Collecting and processing rays:
	Adding rays...OK (0.002 s)
	new bricks = 21600 / 21600
	new rays   = 2751 (x=441, y=1155, z=1155)
	Processing rays...
		Rays process:  0.016 (0.016) s
		Sort xstacks:  0.000 (0.000) s
		Put xstacks:   0.001 (0.001) s
		Total:         0.018 s
	Correcting rays...
		Lame vertices: 0.002 (0.002) s
		Bad rays:      0.000 (0.000) s
		Emit rays:     0.000 (0.000) s
		Correct ray f: 0.000 (0.000) s
		Undef:         0.000 (0.000) s
		Sum:           0.002 (0.002) s
		Total:         0.003 s
	Time (rays): 0.025 s
Capturing (21600 / 21600)...
Capturing takes (0.003 s)
Refining by triangulation takes 0.047 s
-----------------------------------------------------------------------

-----------------------------------------------------------------------
Refining peculiar surfaces...
	Surface (0) time: 0.000 s
	Surface (1) time: 0.000 s
Collecting and processing rays:
	Adding rays...OK (0.000 s)
	new bricks = 0 / 21600
	new rays   = 0 (x=0, y=0, z=0)
	Processing rays...
		Rays process:  0.000 (0.000) s
		Sort xstacks:  0.000 (0.000) s
		Put xstacks:   0.000 (0.000) s
		Total:         0.000 s
	Correcting rays...
		Total:         0.000 s
	Time (rays): 0.001 s
Capturing (0 / 21600)...
Capturing takes (0.000 s)
0 surfaces refined
Refining peculiar surfaces takes 0.003 s
-----------------------------------------------------------------------

-----------------------------------------------------------------------
Base mesh 1 Refining...
Collecting and processing rays:
	Adding rays...OK (0.000 s)
	new bricks = 0 / 21600
	new rays   = 0 (x=0, y=0, z=0)
	Processing rays...
		Rays process:  0.000 (0.000) s
		Sort xstacks:  0.000 (0.000) s
		Put xstacks:   0.000 (0.000) s
		Total:         0.000 s
	Correcting rays...
		Total:         0.000 s
	Time (rays): 0.001 s
Capturing (0 / 21600)...
Capturing takes (0.000 s)
Refinement input: 21600 bricks
	Checking crit (21600 / 21600)...0 marked (0.000 s)
Refinement result (0 iterations): 21600 bricks (0.000 s)
-----------------------------------------------------------------------
Refining channels...
FYI: CNarrowChannelRefiner::RefineChannels_PRLL
Refinement input: 21600 bricks
	Time(refinement): 0.008 s
Setting regions (45800 / 61675)...OK (0.002 s)
Refinement result (1 iterations): 61675 bricks (0.013 s)
Collecting and processing rays:
	Adding rays...OK (0.005 s)
	new bricks = 45800 / 61675
	new rays   = 5141 (x=914, y=2143, z=2084)
	Processing rays...
		Rays process:  0.012 (0.012) s
		Sort xstacks:  0.000 (0.000) s
		Put xstacks:   0.002 (0.002) s
		Total:         0.015 s
	Correcting rays...
		Lame vertices: 0.006 (0.006) s
		Bad rays:      0.000 (0.000) s
		Emit rays:     0.000 (0.000) s
		Correct ray f: 0.000 (0.000) s
		Undef:         0.000 (0.000) s
		Sum:           0.006 (0.006) s
		Total:         0.006 s
	Time (rays): 0.028 s
Capturing (45800 / 61675)...
Capturing takes (0.005 s)
FYI: m_iteration_count = 0
Level1 statistics:
     level1_cnt_plus[1]=45800;		level1_cnt_minus[1]=0
     level1_cnt_plus[2]=0;		level1_cnt_minus[2]=0
     level1_cnt_plus[3]=0;		level1_cnt_minus[3]=0
     level1_cnt_plus[4]=0;		level1_cnt_minus[4]=0
     level1_cnt_plus[5]=0;		level1_cnt_minus[5]=0
     level1_cnt_plus[6]=0;		level1_cnt_minus[6]=0
     level1_cnt_plus[7]=0;		level1_cnt_minus[7]=0
     level1_cnt_plus[8]=0;		level1_cnt_minus[8]=0
     level1_cnt_plus[9]=0;		level1_cnt_minus[9]=0
Refinement input: 61675 bricks
	Time(refinement): 0.001 s
Setting regions (5120 / 66155)...OK (0.002 s)
Refinement result (1 iterations): 66155 bricks (0.005 s)
Collecting and processing rays:
	Adding rays...OK (0.001 s)
	new bricks = 5120 / 66155
	new rays   = 167 (x=0, y=62, z=105)
	Processing rays...
		Rays process:  0.000 (0.000) s
		Sort xstacks:  0.000 (0.000) s
		Put xstacks:   0.000 (0.000) s
		Total:         0.001 s
	Correcting rays...
		Lame vertices: 0.001 (0.001) s
		Bad rays:      0.000 (0.000) s
		Emit rays:     0.000 (0.000) s
		Correct ray f: 0.000 (0.000) s
		Undef:         0.000 (0.000) s
		Sum:           0.001 (0.001) s
		Total:         0.002 s
	Time (rays): 0.004 s
Capturing (5120 / 66155)...
Capturing takes (0.002 s)
FYI: m_iteration_count = 1
Level1 statistics:
     level1_cnt_plus[1]=50920;		level1_cnt_minus[1]=0
     level1_cnt_plus[2]=0;		level1_cnt_minus[2]=0
     level1_cnt_plus[3]=0;		level1_cnt_minus[3]=0
     level1_cnt_plus[4]=0;		level1_cnt_minus[4]=0
     level1_cnt_plus[5]=0;		level1_cnt_minus[5]=0
     level1_cnt_plus[6]=0;		level1_cnt_minus[6]=0
     level1_cnt_plus[7]=0;		level1_cnt_minus[7]=0
     level1_cnt_plus[8]=0;		level1_cnt_minus[8]=0
     level1_cnt_plus[9]=0;		level1_cnt_minus[9]=0
Refinement input: 66155 bricks
	Time(refinement): 0.000 s
Setting regions (304 / 66421)...OK (0.002 s)
Refinement result (1 iterations): 66421 bricks (0.005 s)
Collecting and processing rays:
	Adding rays...OK (0.001 s)
	new bricks = 304 / 66421
	new rays   = 2 (x=0, y=0, z=2)
	Processing rays...
		Rays process:  0.000 (0.000) s
		Sort xstacks:  0.000 (0.000) s
		Put xstacks:   0.000 (0.000) s
		Total:         0.000 s
	Correcting rays...
		Lame vertices: 0.001 (0.001) s
		Bad rays:      0.000 (0.000) s
		Emit rays:     0.000 (0.000) s
		Correct ray f: 0.000 (0.000) s
		Undef:         0.000 (0.000) s
		Sum:           0.001 (0.001) s
		Total:         0.001 s
	Time (rays): 0.002 s
Capturing (304 / 66421)...
Capturing takes (0.001 s)
FYI: m_iteration_count = 2
Level1 statistics:
     level1_cnt_plus[1]=51224;		level1_cnt_minus[1]=0
     level1_cnt_plus[2]=0;		level1_cnt_minus[2]=0
     level1_cnt_plus[3]=0;		level1_cnt_minus[3]=0
     level1_cnt_plus[4]=0;		level1_cnt_minus[4]=0
     level1_cnt_plus[5]=0;		level1_cnt_minus[5]=0
     level1_cnt_plus[6]=0;		level1_cnt_minus[6]=0
     level1_cnt_plus[7]=0;		level1_cnt_minus[7]=0
     level1_cnt_plus[8]=0;		level1_cnt_minus[8]=0
     level1_cnt_plus[9]=0;		level1_cnt_minus[9]=0
Refinement input: 66421 bricks
	Time(refinement): 0.000 s
Setting regions (48 / 66463)...OK (0.002 s)
Refinement result (1 iterations): 66463 bricks (0.005 s)
Collecting and processing rays:
	Adding rays...OK (0.001 s)
	new bricks = 48 / 66463
	new rays   = 0 (x=0, y=0, z=0)
	Processing rays...
		Rays process:  0.000 (0.000) s
		Sort xstacks:  0.000 (0.000) s
		Put xstacks:   0.000 (0.000) s
		Total:         0.000 s
	Correcting rays...
		Total:         0.000 s
	Time (rays): 0.001 s
Capturing (48 / 66463)...
Capturing takes (0.001 s)
FYI: m_iteration_count = 3
Level1 statistics:
     level1_cnt_plus[1]=51272;		level1_cnt_minus[1]=0
     level1_cnt_plus[2]=0;		level1_cnt_minus[2]=0
     level1_cnt_plus[3]=0;		level1_cnt_minus[3]=0
     level1_cnt_plus[4]=0;		level1_cnt_minus[4]=0
     level1_cnt_plus[5]=0;		level1_cnt_minus[5]=0
     level1_cnt_plus[6]=0;		level1_cnt_minus[6]=0
     level1_cnt_plus[7]=0;		level1_cnt_minus[7]=0
     level1_cnt_plus[8]=0;		level1_cnt_minus[8]=0
     level1_cnt_plus[9]=0;		level1_cnt_minus[9]=0
FYI: m_iteration_count = 4
Level1 statistics:
     level1_cnt_plus[1]=51272;		level1_cnt_minus[1]=0
     level1_cnt_plus[2]=0;		level1_cnt_minus[2]=0
     level1_cnt_plus[3]=0;		level1_cnt_minus[3]=0
     level1_cnt_plus[4]=0;		level1_cnt_minus[4]=0
     level1_cnt_plus[5]=0;		level1_cnt_minus[5]=0
     level1_cnt_plus[6]=0;		level1_cnt_minus[6]=0
     level1_cnt_plus[7]=0;		level1_cnt_minus[7]=0
     level1_cnt_plus[8]=0;		level1_cnt_minus[8]=0
     level1_cnt_plus[9]=0;		level1_cnt_minus[9]=0
Level1 statistics:
     level1_cnt_plus[1]=51272;		level1_cnt_minus[1]=0
     level1_cnt_plus[2]=0;		level1_cnt_minus[2]=0
     level1_cnt_plus[3]=0;		level1_cnt_minus[3]=0
     level1_cnt_plus[4]=0;		level1_cnt_minus[4]=0
     level1_cnt_plus[5]=0;		level1_cnt_minus[5]=0
     level1_cnt_plus[6]=0;		level1_cnt_minus[6]=0
     level1_cnt_plus[7]=0;		level1_cnt_minus[7]=0
     level1_cnt_plus[8]=0;		level1_cnt_minus[8]=0
     level1_cnt_plus[9]=0;		level1_cnt_minus[9]=0

-----------------------------------------------------------------------
U-shapes refinement...
Refinement input: 66463 bricks
	Checking crit (15191 / 66463)...0 marked (0.002 s)
Refinement result (0 iterations): 66463 bricks (0.003 s)
Collecting and processing rays:
	Adding rays...OK (0.001 s)
	new bricks = 0 / 66463
	new rays   = 0 (x=0, y=0, z=0)
	Processing rays...
		Rays process:  0.000 (0.000) s
		Sort xstacks:  0.000 (0.000) s
		Put xstacks:   0.000 (0.000) s
		Total:         0.000 s
	Correcting rays...
		Total:         0.000 s
	Time (rays): 0.002 s
Capturing (0 / 66463)...
Capturing takes (0.001 s)
-----------------------------------------------------------------------

-----------------------------------------------------------------------
Equi Distant Refiner:
Equi Distant Refiner takes 0.00 s
-----------------------------------------------------------------------

/-Ray Intersection---------------/ Time	0.287 s
Calls                8061
CorrectRay Calls     0



-----------------------------------------------------------------------
Refining geometries takes 0.254 s
-----------------------------------------------------------------------
-----------------------------------------------------------------------
Memory Working Set Current = 115.61 Mb, Memory Working Set Peak = 115.61 Mb
Memory Private Bytes Current = 131.99 Mb, Memory Private Bytes Peak = 131.99 Mb
Process Threads Number: 18
-----------------------------------------------------------------------
Defect ray count	0
-----------------------------------------------------------------------
CNarrowChannelRefiner::RedistributeLevel1_step_1_new: started...
	PrePass:                     51272
	Distribute level_1 on level = 0
	Front spread algorithm. Partition count = 12
	Time (front spread): 0.001 s
	Groups count = 0
	Changed level 1 count = 0
	Distribute level_1 on level = 1
	Front spread algorithm. Partition count = 12
	Time (front spread): 0.006 s
	Groups count = 5
	Changed level 1 count = 0
	AfterPass:                   51272
CNarrowChannelRefiner::RedistributeLevel1_step_1_new: finished in 0.012 s
Level1 statistics:
     level1_cnt_plus[1]=51272;		level1_cnt_minus[1]=0
     level1_cnt_plus[2]=0;		level1_cnt_minus[2]=0
     level1_cnt_plus[3]=0;		level1_cnt_minus[3]=0
     level1_cnt_plus[4]=0;		level1_cnt_minus[4]=0
     level1_cnt_plus[5]=0;		level1_cnt_minus[5]=0
     level1_cnt_plus[6]=0;		level1_cnt_minus[6]=0
     level1_cnt_plus[7]=0;		level1_cnt_minus[7]=0
     level1_cnt_plus[8]=0;		level1_cnt_minus[8]=0
     level1_cnt_plus[9]=0;		level1_cnt_minus[9]=0
CNarrowChannelRefiner::RedistributeLevel1_step_2: started...
	PrePass(step2):                     51272
	Brick chains count: 11920
	Level 1 changed: 47540 / 66463
	Sum (level 1 changed): 44094
	AfterPass(step2):                   51272
CNarrowChannelRefiner::RedistributeLevel1_step_2: finished in 0.073 s
Level1 statistics:
     level1_cnt_plus[1]=51272;		level1_cnt_minus[1]=0
     level1_cnt_plus[2]=0;		level1_cnt_minus[2]=0
     level1_cnt_plus[3]=0;		level1_cnt_minus[3]=0
     level1_cnt_plus[4]=0;		level1_cnt_minus[4]=0
     level1_cnt_plus[5]=0;		level1_cnt_minus[5]=0
     level1_cnt_plus[6]=0;		level1_cnt_minus[6]=0
     level1_cnt_plus[7]=0;		level1_cnt_minus[7]=0
     level1_cnt_plus[8]=0;		level1_cnt_minus[8]=0
     level1_cnt_plus[9]=0;		level1_cnt_minus[9]=0
CNarrowChannelRefiner::RedistributeLevel1_step_3_new: started...
	PrePass(step3):                     51272
	Distribute level_1 on level = 0
	Front spread algorithm. Partition count = 12
	Time (front spread): 0.002 s
	Groups count = 2
	Changed level 1 count = 0
	Distribute level_1 on level = 1
	Front spread algorithm. Partition count = 12
	Time (front spread): 0.001 s
	Groups count = 0
	Changed level 1 count = 0
	AfterPass(step3):                   51272
CNarrowChannelRefiner::RedistributeLevel1_step_3_new: finished in 0.005 s
Level1 statistics:
     level1_cnt_plus[1]=51272;		level1_cnt_minus[1]=0
     level1_cnt_plus[2]=0;		level1_cnt_minus[2]=0
     level1_cnt_plus[3]=0;		level1_cnt_minus[3]=0
     level1_cnt_plus[4]=0;		level1_cnt_minus[4]=0
     level1_cnt_plus[5]=0;		level1_cnt_minus[5]=0
     level1_cnt_plus[6]=0;		level1_cnt_minus[6]=0
     level1_cnt_plus[7]=0;		level1_cnt_minus[7]=0
     level1_cnt_plus[8]=0;		level1_cnt_minus[8]=0
     level1_cnt_plus[9]=0;		level1_cnt_minus[9]=0
MMP (ncr): locals=12, allc_sz=91.96 MB, used_sz=86.52 MB, blks-min-max=24/26
-----------------------------------------------------------------------
MSH format builder (Iteration 0)
-----------------------------------------------------------------------
Memory Working Set Current = 71.11 Mb, Memory Working Set Peak = 158.18 Mb
Memory Private Bytes Current = 82.05 Mb, Memory Private Bytes Peak = 175.63 Mb
Process Threads Number: 18
-----------------------------------------------------------------------
Total bricks count: 66463
-----------------------------------------------------------------------
MSH (Real Geometry) format constructor:
	Geom    Count = 2
	Bodyset Count = 2
	3D task
	Getting parser brick sets...OK (0.002 s)

	Min x-stack xeps = 5.93624e-05
	D / dh / eps [axis=0] = (0.0297109, 0.000275014, 2.75014e-07)
	D / dh / eps [axis=1] = (0.0111414, 0.000278459, 2.78459e-07)
	D / dh / eps [axis=2] = (0.0111027, 0.000277569, 2.77569e-07)
	Time (xeps): 0.001 s
Level 1
	Set (0)  size: 25636
	Set (0)  time: 0.093 s
	Set (1)  size: 25636
	Set (1)  time: 0.087 s
Level 0
	Set (0)  size: 7597
	Set (0)  time: 0.006 s
	Set (1)  size: 7594
	Set (1)  time: 0.006 s

	Spread npq bricks...0 marked (0.001 s)

Result:
	Bricks number:                        66463

	Memory usage:                         7.699 MB
	Memory usage (per brick):             0.119 KB
	Construction time:                    0.201 s

	Topology features:
	------------------
	- High quality bricks                  100.00 % (66463)
	- Medium quality bricks                  0.00 % (0)
	- Bad quality bricks                     0.00 % (0)
	- NPQ bricks                             0.00 % (0)
	- Type-1 bricks                         19.85 % (13193)
	- Ribs corrected bricks                  0.00 % (0)
	- Points with geom-info (bricks)         0.00 % (0)
	- Points with closest-info (bricks)      0.00 % (0)
	- Triangulated by center (bricks)        0.00 % (0)
	- Facet w-faces mergings (bricks)        0.00 % (0)
	- To refine (bricks)                     0.00 % (0)
	- Points-count                           0.00 % (0)
	- T-self-intersection-all (bricks)       0.00 % (0)
	- T-self-intersection-simple (bricks)    0.00 % (0)
	- T-self-intersection-complex (bricks)   0.00 % (0)
	- NPQ by reason 1 u-shape                0.00 % (0)
	- NPQ by reason 2 tri-by-ctr             0.00 % (0)
	- NPQ by reason 3 ray-correction         0.00 % (0)
	- NPQ by reason 4 t-self-intersection    0.00 % (0)
	- NPQ by reason 5 non-good               0.00 % (0)
	- NPQ by reason 6 npq-worker             0.00 % (0)

-----------------------------------------------------------------------
Memory Working Set Current = 89.00 Mb, Memory Working Set Peak = 158.18 Mb
Memory Private Bytes Current = 100.98 Mb, Memory Private Bytes Peak = 175.63 Mb
Process Threads Number: 18
-----------------------------------------------------------------------
-----------------------------------------------------------------------
msh-iterations: 1
-----------------------------------------------------------------------
high---q-brick-count = 100.00 % (66463 66463)
medium-q-brick-count =   0.00 % (66463 0)
bad----q-brick-count =   0.00 % (66463 0)
np-----q-brick-count =   0.00 % (66463 0)
-----------------------------------------------------------------------
Free brick parser storage...OK(0.002 s)
-----------------------------------------------------------------------
Memory Working Set Current = 86.23 Mb, Memory Working Set Peak = 158.18 Mb
Memory Private Bytes Current = 97.50 Mb, Memory Private Bytes Peak = 175.63 Mb
Process Threads Number: 18
-----------------------------------------------------------------------
-----------------------------------------------------------------------
MSH --> BCF format (Iteration 0)...
BCF collector...(remove mode=0)
	Time (alloc counter per brick): 0.002 s
	Brick    count: 66463
	Av.f all count: 48321
	Av.s all count: 31335
	Av.f pid count: 13193
	Av.s pid count: 13193
	Faces fs count: 20108
	Faces ff count: 0
	Faces ss count: 0
	Faces bb count: 0
	Faces fe count: 0
	Faces se count: 5894
	Faces fw count: 26002
	Faces af count: 140339
	Faces as count: 89384
	Time (all count): 	0.008 s
	Time (bcf alloc): 	0.002 s
	Time (shifts alloc): 	0.003 s
	Time (shifts init): 	0.003 s
	Time (bcf fill): 	0.017 s
	Time (add av to faces): 0.001 s
	Time (add faces to av): 0.011 s
Time (bcf collect): 		0.054 s
	AV checker...
		Hole marker...
	Front spread algorithm. Partition count = 12
	Front spread algorithm. Partition count = 12
	Time (front spread): 0.008 s
	Time (front spread): 0.008 s
			Subdomains:               1.
			Subdomains (cond):        1.
			Time (subdomain constructors): 0.008 s.
			Time (potential-hole marking): 	0.002 s
	Front spread algorithm. Partition count = 12
	Time (front spread): 0.003 s
			Hole av set size = 0
			Hole checking...
			Time (hole checking): 0.000 s.
			0 av(s) are marked to fill 0 subdomain holes.
		Time (hole marker): 0.015 s.
	Time (check av): 	0.029 s
	Subdomain checker...
	Front spread algorithm. Partition count = 12
	Time (front spread): 0.006 s
		Subdomains construction time: 0.006 s.
		Subdomains sort time: 0.000 s.
			Subdomain 0 (geom_ind=0): 48321 av
			Subdomain 1 (geom_ind=1): 28954 av
			Subdomain 2 (geom_ind=1): 2381 av
		gi: 0, real bodies: 1
		gi: 0, subdomains:  1
		gi: 1, real bodies: 0
		gi: 1, subdomains:  2
		Defect subdomains: 0
	Time (check subdoms): 	0.008 s
Time (bcf iteration total): 	0.092 s
	Sum of fw-nb: 		7291
	Time (fw-nb): 		0.001 s
	Fixed mutual fw-nb:     7291 (bb: 0)
	Time (fw-nb mutual): 	0.003 s
	Time (fw-nb sort): 	0.001 s
	Fw-opt BEFORE total:    26002 (fs=20108, ff=0, ss=0)
	Fw-opt AFTER  total:    19447 (fs=13553, ff=0, ss=0, failed fw/br=0/0, big_curv=0, big_poly=0)
	Fw-opt RESULT:          6555 (res/(fs+ff+ss) = 32.60 %)
	Time (fw-opt): 		0.006 s
	Time (fw-re-order): 	0.003 s
	Sum of fw-nb: 		39060
	Time (fw-nb): 		0.005 s
	Fixed mutual fw-nb:     39060 (bb: 0)
	Time (fw-nb mutual): 	0.004 s
	Time (fw-nb sort): 	0.001 s
	Time (rfd fix): 	0.000 s
	Time (av convexity): 	0.004 s
	Time (av small volume): 0.001 s
	Time (diagonal fw-nb): 	0.012 s
	Fixed mutual fw-nb:     0 (bb: 0)
	Time (fw-nb mutual): 	0.002 s
	Time (fw-nb sort): 	0.001 s
	Front spread algorithm. Partition count = 12
	Time (front spread): 0.003 s
	Fluid subdomains: 1
	Faces fw-nb diff sd:    0
	Time (fw-nb diff sd): 	0.004 s
Time (bcf calc): 		0.060 s
-----------------------------------------------------------------------
Time (bcf total): 		0.153 s
-----------------------------------------------------------------------
bcf-iterations: 1
-----------------------------------------------------------------------
-----------------------------------------------------------------------
Mega-cv constructor for fluid...
	 0 av's is treated as thin
Relative size generator (threshold = 0.05)...
	Iteration 1 (small cluster count = 922)
	Iteration 2 (small cluster count = 274)
	Iteration 3 (small cluster count = 30)
	Iteration 4 (small cluster count = 3)
	Iteration 5 (small cluster count = 0)
	 895 mega-cv's generated
	 8 mega-cv's removed
Relative size generator is completed OK (0.005 s)
Apply fa-rules to mega-cv clusters fixes...
	Fa-rule violation fixes:        4 of        4 (total cluster# =      891)
OK (0.001 s)
Convert clusters:
	 887 mega-cv's total
Mega-cv count: 887
Time (mega-cv fill): 	0.001 s
Time (mega-cv total): 	0.017 s
-----------------------------------------------------------------------
Mixing plane rotation regions: NO.
Sliding mesh rotation regions: NO.
Fluid/fluid faces: NO.
-----------------------------------------------------------------------
Memory Working Set Current = 115.48 Mb, Memory Working Set Peak = 158.18 Mb
Memory Private Bytes Current = 123.35 Mb, Memory Private Bytes Peak = 175.63 Mb
Process Threads Number: 18
-----------------------------------------------------------------------
----------------------------------------------------------
BCF --> BCF.GEOMSUBDOM (bridge arrays):
MESH (0):
	Front spread algorithm. Partition count = 12
	Time (front spread): 0.006 s
	Fluid Subdom Constructor: 1 subdom(s).
	Front spread algorithm. Partition count = 12
	Time (front spread): 0.003 s
	Solid Subdom Constructor: 2 subdom(s).
	Front spread algorithm. Partition count = 12
	Time (front spread): 0.001 s
	Net Asm Subdom Constructor: 0 subdom(s).
	GEOMSUBDOM (0): gi=0 Fluid av=48321 cv=47399 fa=140339 fw=13553 V=1.363705e-06
	Cache data...OK
	GEOMSUBDOM (1): gi=1 Solid av=28954 cv=28954 fa=82714 fw=17919 V=2.246481e-06
	Cache data...OK
	GEOMSUBDOM (2): gi=1 Solid av=2381 cv=2381 fa=6670 fw=1528 V=6.505233e-08
	Cache data...OK
	Setting nb of w-faces...OK (0.003 s).
	Correcting nb of w-faces...
	Time(correct_fw_nb)=0.003 s

MESH (0) checking:
	GEOMSUBDOM (0):fa_s=0.0117817431737387 fw_s=0.0008833417580843 fw_nb=108212
	              :d_const(30546)=8.86886e-10 d_linear(30546)=2.31475e-09
	GEOMSUBDOM (1):fa_s=0.0127261388727616 fw_s=0.0023742247218879 fw_nb=119748
	              :d_const(3328)=9.55051e-10 d_linear(3328)=3.30222e-09
	GEOMSUBDOM (2):fa_s=0.0005090736559271 fw_s=0.0000783031467308 fw_nb=12208
	              :d_const(2370)=1.95648e-16 d_linear(107)=1.51371e-12
MESH (0) checking: OK.
Time (MDS): 	0.074 s
----------------------------------------------------------
-----------------------------------------------------------------------
Memory Working Set Current = 141.45 Mb, Memory Working Set Peak = 158.18 Mb
Memory Private Bytes Current = 149.23 Mb, Memory Private Bytes Peak = 175.63 Mb
Process Threads Number: 18
-----------------------------------------------------------------------

-----------------------------------------------------------------------
BCF CHECKSUM DATA (Mesh 0):

BRICK |Level1| Sum:               51272
FACE_A Area Sum:   G.Fluid        0.0117817431737387
FACE_A Area Sum:   G.Solid        0.0132352125286887
FACE_W Area Sum:                  0.0024525278686187
FACE_W Nb   Sum:                  131956
FACE_W min curvatures sum:        -2458095.47554016
FACE_W max curvatures sum:        516511.79901741
AV Max Disbalance(Const) :        1.27511e-09 (cid=57766, t={35, 35, 30}, avid=44123, pid=11500)
AV Max Disbalance(Linear):        3.61714e-09 (cid=57766, t={35, 35, 30}, avid=44123, pid=11500)
-----------------------------------------------------------------------


-----------------------------------------------------------------------
MESHER TOPOLOGY DATA:

BRICKS: Total                 66463
BRICKS: Fluid                 48321
BRICKS: Fluid Partial         13193
BRICKS: Type 1                13193
BRICKS: Max AV number         2
BRICKS: |level1| sum          51272


AV:     G.Total               79656
AV:     G.Fluid               48321
AV:     G.Solid               31335

AV:     G.Fluid Thin Profile    0.00 % (0)
AV:     G.Solid Thin Profile    0.00 % (0)

AV:     G.Fluid Thin For Mega   0.00 % (0)
AV:     G.Solid Thin For Mega   0.00 % (0)

AV:     G.Fluid Non-Convex      4.79 % (2316)
AV:     G.Solid Non-Convex      9.98 % (3126)

AV:     G.Fluid Non-Ess-Convex      0.29 % (139)
AV:     G.Solid Non-Ess-Convex      0.71 % (222)

FACE_A: G.Fluid          (af) 140339 (partially opened 26468)
FACE_A: G.Solid          (as) 89384 (partially opened 26468)

FACE_W: G.Total                 19447       Brick/Bound
FACE_W: G.Fluid/Solid    (fs_g) 13553       0           
FACE_W: G.Fluid/Fluid    (ff_g) 0           0           
FACE_W: G.Solid/Solid    (ss_g) 0           0           
FACE_W: G.Fluid/Void     (fv_g) 0           0           
FACE_W: G.Fluid/External (fe_g) 0
FACE_W: G.Solid/External (se_g) 5894

AV/CV max fa count (on brick side):5
AV/CV max fw count:                5
AV/CV max fw poly count:           6

MEMORY: Total                   23.238 MB
MEMORY: Per Brick               0.358 KB
-----------------------------------------------------------------------

-----------------------------------------------------------------------
Connectivities information:
	Number of conns: 0
-----------------------------------------------------------------------
	Time (gap size): 	0.027 s
-----------------------------------------------------------------------
Memory Working Set Current = 141.47 Mb, Memory Working Set Peak = 158.18 Mb
Memory Private Bytes Current = 149.24 Mb, Memory Private Bytes Peak = 175.63 Mb
Process Threads Number: 18
-----------------------------------------------------------------------
-----------------------------------------------------------------------
Calculating curvature and tolerance criteria...
Curvature: min=0 (cid=0) max=1.57101 (cid=25788)
Tolerance: min=0 (cid=0) max=0.000376686 (cid=2193)
Calculating curvature and tolerance criteria takes 0.042 s
-----------------------------------------------------------------------
MESH Build(FS) finished. Time=0.924 s
-----------------------------------------------------------------------
Current CPU = 1 sec

Nx=54
Ny=20
Nz=20
Max BRICK Level=1
Mesh Level=1
-----------------CModelBodies2MeshMapper::CollectData started -------------------------------
	Time (collect mesh base data): 0.003 s.
	Time (collect model bodies mapping): 0.000 s.
	Time (collect positive bodies mapping): 0.000 s.
	Time (collect fluid bodies mapping): 0.001 s.
-----------------CModelBodies2MeshMapper Report -------------------------------
FluidDomains 1 SolidDomains 2 VoidDomains 0 
Domains RefIndexes
----------------- -------------------------------
	ModelBodies
Total resolved Bodies 0 BodySets 0

--------------------------------------------------------------------------
	Positive geometry Bodies
Total resolved Bodies 1 BodySets 1
BodySet 0
	Bodies list:
			#0	Name: ;	ID: 967a9f43-e44a-487e-8c21-b02f41f1c83d
	Domains list:mesh type	 (0, 1)		 0 


--------------------------------------------------------------------------
	Fluid regions
Total resolved Bodies 1 BodySets 1
BodySet 0	Material: Oxygen; 
	Bodies list:
			#0	Name: ;	ID: 967a9f43-e44a-487e-8c21-b02f41f1c83d
	Domains list:mesh type	 (0, 1)		 0 


--------------------------------------------------------------------------
Collect data takes...0.004 s
-----------------CModelBodies2MeshMapper::CollectData finished successfully-------------------
Saving initial mesh in: D:\Mobile\Pdf\3D Model\210180104009_Bhaskar-Bhatt\SolodWorks Files\Nozzle\2\2.fld .
Storing results...
	Estimated CPT size=10.672 MB.
Write section 436 takes 0.000 s
Write section 101 takes 0.001 s
Write section 400 takes 0.004 s
Write section 437 takes 0.005 s
Write mesh/bricks section: 0.011 s
Write section 408 takes 0.045 s
Write section 427 takes 0.007 s
Write msh format: 0.053 s
Write section 406 takes 0.008 s
Write section 405 takes 0.001 s
Write section 401 takes 0.025 s
Write section 402 takes 0.017 s
Write section 407 takes 0.004 s
Write section 421 takes 0.019 s
Write section 404 takes 0.002 s
Write section 416 takes 0.001 s
Write section 411 takes 0.002 s
Write section 413 takes 0.000 s
Write section 432 takes 0.000 s
Write plain bcf: 0.081 s
Write section 448 takes 0.005 s
Write section 446 takes 0.000 s
Write section 516 takes 0.000 s
	Time (write bcf): 0.150 s
X_STACK_LIST::write_x_stack_list4: started...
X_STACK_LIST::write_x_stack_list4: finished in 0.006 s
Storing results takes 0.163 s
-----------------------------------------------------------------------
Memory Working Set Current = 156.90 Mb, Memory Working Set Peak = 158.18 Mb
Memory Private Bytes Current = 164.31 Mb, Memory Private Bytes Peak = 175.63 Mb
Process Threads Number: 18
-----------------------------------------------------------------------
Cleaning memory...
-----------------------------------------------------------------------
Start to free mesher data...
MMP (msh): locals=12, allc_sz=9.74 MB, used_sz=8.73 MB, blks-min-max=12/14
MMP (brx): locals=12, allc_sz=22.69 MB, used_sz=20.28 MB, blks-min-max=16/18
MMP (bcf): locals=12, allc_sz=39.13 MB, used_sz=37.60 MB, blks-min-max=10/37
MMP (xsl): locals=12, allc_sz=1.27 MB, used_sz=1.07 MB, blks-min-max=4/5
Free xsl...            OK	Time=0.000 s
Free ray collector...  OK	Time=0.000 s
Free ray intersector...OK	Time=0.000 s
Free body sets...      OK	Time=0.006 s
Free Geometry DB takes 0.000 s
Free mesh conn...      OK	Time=0.000 s
Free geomsd...         OK	Time=0.000 s
Free mbricks...        OK	Time=0.001 s
Free hash info...      OK	Time=0.002 s
Free bricks-x...       OK	Time=0.001 s
Free bcf...            OK	Time=0.005 s
Free mesh h...         OK	Time=0.000 s
Free bricks arr..      OK	Time=0.000 s
Free bricks tree...    OK	Time=0.000 s
Free mesh pools...     OK	Time=0.017 s
Free bodies mapper...  OK	Time=0.000 s
Free geom crits...     OK	Time=0.000 s
Free cpt regions...    OK	Time=0.000 s
Free peculiar surfs... OK	Time=0.000 s
Free sw-geometries...  OK	Time=0.000 s
Total free mesher data time: 0.036 s
-----------------------------------------------------------------------
Copying... OK
CPT size=4.386 MB (4598850 bytes).
Mesh generation normally finished at	2.5.2025	10:58:44
Mesher CPU = 1 sec
Mesher is finished at	2.5.2025	10:58:44
-----------------------------------------------------------------------
Memory Working Set Current = 49.11 Mb, Memory Working Set Peak = 158.18 Mb
Memory Private Bytes Current = 53.06 Mb, Memory Private Bytes Peak = 175.63 Mb
Process Threads Number: 18
-----------------------------------------------------------------------
Algebra Pool      : mem_usage = 1.12 Mb, allocated count = 0
-----------------------------------------------------------------------
Memory Working Set Current = 48.09 Mb, Memory Working Set Peak = 158.18 Mb
Memory Private Bytes Current = 52.00 Mb, Memory Private Bytes Peak = 175.63 Mb
Process Threads Number: 18
Process Threads Number Peak: 18
-----------------------------------------------------------------------
Log ended at 02.05.2025	10:58:44
